// Jest Snapshot v1, https://goo.gl/fbAQLP

exports[`ErrorBoundary should be rendered correctly 1`] = `<div />`;
